// Jest Snapshot v1, https://goo.gl/fbAQLP

exports[`<TodoItemsListMenu /> should render properly 1`] = `
<DocumentFragment>
  <div
    class="todoItemsListMenu"
  >
    <div
      class="label"
    >
      2 items left
    </div>
    <div
      class="filterSection"
    />
    <div
      class="button"
      data-testid="clear-completed-button-test-id"
    >
      Clear Completed
    </div>
  </div>
</DocumentFragment>
`;
