// Jest Snapshot v1, https://goo.gl/fbAQLP

exports[`<TodoList /> should render properly 1`] = `
<DocumentFragment>
  <div
    class="todoList"
  >
    <h1
      class="todoTtitle"
    >
      TODO
    </h1>
    <div
      class="noteEditor"
    />
    <div
      class="listContainer"
    >
      <div>
        ScrolableSection
      </div>
      <div>
        TodoItemsListMenu
      </div>
    </div>
    <div>
      TodoListFooter
    </div>
  </div>
</DocumentFragment>
`;
